---
source: crates/tower-tui/tests/views.rs
expression: "text(&mut a, 110, 12)"
---
 tower  1 Fleet  2 Inbox (1)  3 Tasks  4 Events  5 Machines                                      ○ connecting
1 queued · 1 working · 2 blocked

   NAME           MACHINE   KIND     STATE      TASK                             NOTE
●  api            local     claude   working    implement CSV error column nam…
◉  backend        mini      claude   blocked    migrate schema                   awaiting approval
○  docs           local     claude   idle       —                                adopted · docs
✗  old            mini      claude   dead       —
✓  writer         local     claude   done       pick a license

● api · local · claude · working · task: implement CSV error column names
enter open · i prompt · x interrupt · o herdr · f state · m machine · s sort · : command · ? help · q quit
