---
source: crates/tower-tui/tests/views.rs
expression: "text(&mut a, 80, 14)"
---
 tower  1 Fleet  2 Inbox  3 Tasks  4 Events  5 Machines            ○ connecting
┌ owned (0) ───────────────────────────────────────────────────────────────────┐
│no owned jobs                                                                 │
│                                                                              │
└──────────────────────────────────────────────────────────────────────────────┘
┌ queue (0) ───────────────────────────────────────────────────────────────────┐
│queue empty — `n` queues a job                                                │
└──────────────────────────────────────────────────────────────────────────────┘
┌ recent (0) ──────────────────────────────────────────────────────────────────┐
│nothing closed yet                                                            │
└──────────────────────────────────────────────────────────────────────────────┘
┌ schedules (0) ───────────────────────────────────────────────────────────────┐
└──────────────────────────────────────────────────────────────────────────────┘
h/l pane · enter detail · n new job · a assign · x x cancel · : command · ? help
